node.exe :  ÔÜá Warning: Next.js 
inferred your workspace root, but it may 
not be correct.
En línea: 1 Carácter: 1
+ & "C:\Program Files\nodejs/node.exe" 
"C:\Program Files\nodejs/node_mo ...
+ ~~~~~~~~~~~~~~~~~~~~~~~~~~~~~~~~~~~~~~~
~~~~~~~~~~~~~~~~~~~~~~~~~~~~~~
    + CategoryInfo          : NotSpecifi 
   ed: ( ÔÜá Warning: N...not be correc  
  t.:String) [], RemoteException
    + FullyQualifiedErrorId : NativeComm 
   andError
 
 We detected multiple lockfiles and 
selected the directory of 
C:\Users\risse\package-lock.json as the 
root directory.
 To silence this warning, set 
`turbopack.root` in your Next.js config, 
or consider removing one of the 
lockfiles if it's not needed.
   See https://nextjs.org/docs/app/api-re
ference/config/next-config-js/turbopack#r
oot-directory for more information.
 Detected additional lockfiles: 
   * C:\Users\risse\Desktop\202512_ENTREG
ABLES_SI_\aquafuzzy-analytics\package-loc
k.json

   Ôû▓ Next.js 16.0.8 (Turbopack)

   Creating an optimized production build ...
 Ô£ô Compiled successfully in 14.8s
   Running TypeScript ...
Failed to compile.

./src/components/water/scada-dashboard.ts
x:243:30
Type error: 
'fuzzyOutputs.phCorrectionAmount' is 
possibly 'undefined'.

[0m [90m 241 |[39m                    
             {getPhCorrectionLabel()}
 [90m 242 |[39m                        
     [33m<[39m[33m/[39m[33mdiv[39m
[33m>[39m
[31m[1m>[22m[39m[90m 243 |[39m     
                        {fuzzyOutputs[33
m?[39m[33m.[39mphCorrectionAmount 
[33m>[39m [35m0[39m [33m&&[39m (
 [90m     |[39m                        
      [31m[1m^[22m[39m
 [90m 244 |[39m                        
         [33m<[39m[33mdiv[39m 
className[33m=[39m[32m"text-xs 
text-slate-500 mt-0.5"[39m[33m>[39m
 [90m 245 |[39m                        
             {fuzzyOutputs[33m.[39mphCo
rrectionAmount[33m.[39mtoFixed([35m1[
39m)} mg[33m/[39m[33mL[39m
 [90m 246 |[39m                        
         [33m<[39m[33m/[39m[33mdiv[
39m[33m>[39m[0m
Next.js build worker exited with code: 1 
and signal: null
